Replay engine REAL-SITE E2E verification harness

(isolated test DB: C:\Users\DELL\AppData\Local\Temp\forgeflow-realsites-test-1784586614813)

============ RECORDING: wikipedia-search ============
Recorded 7 events: navigation, click, input, change, keydown, click, keyup

============ PARAMETERIZING: wikipedia-search ============
[Backend][pipeline] step 3: parameterizer received { eventCount: 7 }
[Backend][pipeline] step 2: event condenser received { rawEventCount: 7 }
[Backend][pipeline] step 2: event condenser output { condensedEventCount: 5 }
[Backend][pipeline] step 4: workflow template created { stepCount: 5, parameterCount: 1 }
Parameters: searchWikipedia="Alan Turing"
Steps: [0] navigation, [1] click, [2] input, [3] change, [4] dynamic_click

============ SAVING TO DB: wikipedia-search ============
Saved as workflowId=1

============ LOADING FROM DB: wikipedia-search ============
Loaded back 5 steps, 1 parameter(s) — DB round-trip intact

============ REPLAYING (default values): wikipedia-search ============
[Backend][replay] {"index":0,"type":"navigation","selector":"https://en.wikipedia.org/wiki/Main_Page","urlBefore":"about:blank","url":"https://en.wikipedia.org/wiki/Main_Page","elementFound":null,"actionExecuted":true,"strategyUsed":null,"retries":0,"blockersDismissed":[],"failureReason":null,"screenshotPath":"C:\\Users\\DELL\\OneDrive\\Desktop\\vibe coding 1st\\backend\\debug\\step0-1784586622236-1.jpg","result":"success","navigationStrategyUsed":"domcontentloaded","durationMs":2152}
[Backend][replay] {"index":1,"type":"click","selector":"#searchInput","urlBefore":"https://en.wikipedia.org/wiki/Main_Page","url":"https://en.wikipedia.org/wiki/Main_Page","elementFound":true,"actionExecuted":true,"strategyUsed":"css","retries":0,"blockersDismissed":[],"failureReason":null,"screenshotPath":"C:\\Users\\DELL\\OneDrive\\Desktop\\vibe coding 1st\\backend\\debug\\step1-1784586622577-2.jpg","result":"success","strategyValue":"#searchInput","matchCount":1,"visibleCount":1,"trialClickReason":null,"durationMs":335}
[Backend][replay] {"index":2,"type":"input","selector":"#searchInput","urlBefore":"https://en.wikipedia.org/wiki/Main_Page","url":"https://en.wikipedia.org/wiki/Main_Page","elementFound":true,"actionExecuted":true,"strategyUsed":"css","retries":0,"blockersDismissed":[],"failureReason":null,"screenshotPath":"C:\\Users\\DELL\\OneDrive\\Desktop\\vibe coding 1st\\backend\\debug\\step2-1784586622949-3.jpg","result":"success","strategyValue":"input[name=\"search\"]","matchCount":2,"visibleCount":1,"durationMs":365}
[Backend][replay] {"index":3,"type":"change","selector":"#searchInput","urlBefore":"https://en.wikipedia.org/wiki/Main_Page","url":"https://en.wikipedia.org/wiki/Main_Page","elementFound":true,"actionExecuted":true,"strategyUsed":"css","retries":0,"blockersDismissed":[],"failureReason":null,"screenshotPath":"C:\\Users\\DELL\\OneDrive\\Desktop\\vibe coding 1st\\backend\\debug\\step3-1784586623312-4.jpg","result":"success","strategyValue":"input[name=\"search\"]","matchCount":2,"visibleCount":1,"durationMs":399}
[Backend][replay] {"index":4,"type":"dynamic_click","selector":"button.cdx-button.cdx-button--action-default.cdx-button--weight-normal","urlBefore":"https://en.wikipedia.org/wiki/Main_Page","url":"https://en.wikipedia.org/wiki/Alan_Turing","elementFound":true,"actionExecuted":true,"strategyUsed":"text","retries":0,"blockersDismissed":[],"failureReason":null,"screenshotPath":"C:\\Users\\DELL\\OneDrive\\Desktop\\vibe coding 1st\\backend\\debug\\step4-1784586625279-5.jpg","result":"success","strategyValue":"Alan Turing","matchCount":12,"visibleCount":1,"trialClickReason":null,"durationMs":1946}
[Backend][extraction] method=dom workflowId=realsite-e2e-wikipedia-search-default itemsFound=11 confidence=0.43

============ REPLAYING (overridden parameter value): wikipedia-search ============
[Backend][replay] {"index":0,"type":"navigation","selector":"https://en.wikipedia.org/wiki/Main_Page","urlBefore":"about:blank","url":"https://en.wikipedia.org/wiki/Main_Page","elementFound":null,"actionExecuted":true,"strategyUsed":null,"retries":0,"blockersDismissed":[],"failureReason":null,"screenshotPath":"C:\\Users\\DELL\\OneDrive\\Desktop\\vibe coding 1st\\backend\\debug\\step0-1784586628220-6.jpg","result":"success","navigationStrategyUsed":"domcontentloaded","durationMs":2426}
[Backend][replay] {"index":1,"type":"click","selector":"#searchInput","urlBefore":"https://en.wikipedia.org/wiki/Main_Page","url":"https://en.wikipedia.org/wiki/Main_Page","elementFound":true,"actionExecuted":true,"strategyUsed":"css","retries":0,"blockersDismissed":[],"failureReason":null,"screenshotPath":"C:\\Users\\DELL\\OneDrive\\Desktop\\vibe coding 1st\\backend\\debug\\step1-1784586628519-7.jpg","result":"success","strategyValue":"#searchInput","matchCount":1,"visibleCount":1,"trialClickReason":null,"durationMs":286}
[Backend][replay][blocker] {"stepIndex":2,"stepType":"input","reason":"playwright action was intercepted/blocked","selectorUsed":null,"matchCount":null,"visibleCount":null,"playwrightError":"locator.fill: Timeout 3000ms exceeded.\nCall log:\n\u001b[2m  - waiting for locator('#searchInput').first()\u001b[22m\n","timestamp":"2026-07-20T22:31:01.773Z","pageUrl":"https://en.wikipedia.org/wiki/Main_Page","pageTitle":"Wikipedia, the free encyclopedia","viewport":{"width":1280,"height":720},"blockerAtPoint":null,"matchedElement":null,"screenshotPath":"C:\\Users\\DELL\\OneDrive\\Desktop\\vibe coding 1st\\backend\\debug\\blocker-step2-1784586721810-8.png"}
[Backend][replay] STEP FAILED — replay stops here. {"index":2,"type":"input","selector":"#searchInput","urlBefore":"https://en.wikipedia.org/wiki/Main_Page","url":"https://en.wikipedia.org/wiki/Main_Page","elementFound":true,"actionExecuted":false,"strategyUsed":"css","retries":0,"blockersDismissed":[],"failureReason":"locator.fill: Timeout 3000ms exceeded.\nCall log:\n\u001b[2m  - waiting for locator('#searchInput').first()\u001b[22m\n","screenshotPath":"C:\\Users\\DELL\\OneDrive\\Desktop\\vibe coding 1st\\backend\\debug\\step2-1784586721962-9.jpg","result":"failed","strategyValue":"#searchInput","matchCount":1,"visibleCount":1,"blockerDiagnostics":[{"stepIndex":2,"stepType":"input","reason":"playwright action was intercepted/blocked","selectorUsed":null,"matchCount":null,"visibleCount":null,"playwrightError":"locator.fill: Timeout 3000ms exceeded.\nCall log:\n\u001b[2m  - waiting for locator('#searchInput').first()\u001b[22m\n","timestamp":"2026-07-20T22:31:01.773Z","pageUrl":"https://en.wikipedia.org/wiki/Main_Page","pageTitle":"Wikipedia, the free encyclopedia","viewport":{"width":1280,"height":720},"blockerAtPoint":null,"matchedElement":null,"screenshotPath":"C:\\Users\\DELL\\OneDrive\\Desktop\\vibe coding 1st\\backend\\debug\\blocker-step2-1784586721810-8.png"}],"durationMs":93457}

✗ wikipedia-search — FAILED: Step 2 (input) failed: locator.fill: Timeout 3000ms exceeded.
Call log:
[2m  - waiting for locator('#searchInput').first()[22m


============ RECORDING: saucedemo-login-cart-sort ============
Recorded 10 events: navigation, input, change, input, change, click, navigation, click, input, change

============ PARAMETERIZING: saucedemo-login-cart-sort ============
[Backend][pipeline] step 3: parameterizer received { eventCount: 10 }
[Backend][pipeline] step 2: event condenser received { rawEventCount: 10 }
[Backend][pipeline] step 2: event condenser output { condensedEventCount: 10 }
[Backend][pipeline] step 4: workflow template created { stepCount: 10, parameterCount: 3 }
Parameters: username="standard_user", password="[REDACTED]", nameAToZ="lohi"
Steps: [0] navigation, [1] input, [2] change, [3] input, [4] change, [5] click, [6] navigation, [7] click, [8] input, [9] change

============ SAVING TO DB: saucedemo-login-cart-sort ============
Saved as workflowId=2

============ LOADING FROM DB: saucedemo-login-cart-sort ============
Loaded back 10 steps, 3 parameter(s) — DB round-trip intact

============ REPLAYING (default values): saucedemo-login-cart-sort ============
[Backend][replay] {"index":0,"type":"navigation","selector":"https://www.saucedemo.com/","urlBefore":"about:blank","url":"https://www.saucedemo.com/","elementFound":null,"actionExecuted":true,"strategyUsed":null,"retries":0,"blockersDismissed":[],"failureReason":null,"screenshotPath":"C:\\Users\\DELL\\OneDrive\\Desktop\\vibe coding 1st\\backend\\debug\\step0-1784586729530-10.jpg","result":"success","navigationStrategyUsed":"domcontentloaded","durationMs":3554}
[Backend][replay] {"index":1,"type":"input","selector":"#user-name","urlBefore":"https://www.saucedemo.com/","url":"https://www.saucedemo.com/","elementFound":true,"actionExecuted":true,"strategyUsed":"css","retries":0,"blockersDismissed":[],"failureReason":null,"screenshotPath":"C:\\Users\\DELL\\OneDrive\\Desktop\\vibe coding 1st\\backend\\debug\\step1-1784586729784-11.jpg","result":"success","strategyValue":"[data-testid=\"username\"], [data-test-id=\"username\"], [data-test=\"username\"], [data-qa=\"username\"]","matchCount":1,"visibleCount":1,"durationMs":258}
[Backend][replay] {"index":2,"type":"change","selector":"#user-name","urlBefore":"https://www.saucedemo.com/","url":"https://www.saucedemo.com/","elementFound":true,"actionExecuted":true,"strategyUsed":"css","retries":0,"blockersDismissed":[],"failureReason":null,"screenshotPath":"C:\\Users\\DELL\\OneDrive\\Desktop\\vibe coding 1st\\backend\\debug\\step2-1784586730036-12.jpg","result":"success","strategyValue":"[data-testid=\"username\"], [data-test-id=\"username\"], [data-test=\"username\"], [data-qa=\"username\"]","matchCount":1,"visibleCount":1,"durationMs":241}
[Backend][replay] {"index":3,"type":"input","selector":"#password","urlBefore":"https://www.saucedemo.com/","url":"https://www.saucedemo.com/","elementFound":true,"actionExecuted":true,"strategyUsed":"css","retries":0,"blockersDismissed":[],"failureReason":null,"screenshotPath":"C:\\Users\\DELL\\OneDrive\\Desktop\\vibe coding 1st\\backend\\debug\\step3-1784586730247-13.jpg","result":"success","strategyValue":"[data-testid=\"password\"], [data-test-id=\"password\"], [data-test=\"password\"], [data-qa=\"password\"]","matchCount":1,"visibleCount":1,"durationMs":233}
[Backend][replay] {"index":4,"type":"change","selector":"#password","urlBefore":"https://www.saucedemo.com/","url":"https://www.saucedemo.com/","elementFound":true,"actionExecuted":true,"strategyUsed":"css","retries":0,"blockersDismissed":[],"failureReason":null,"screenshotPath":"C:\\Users\\DELL\\OneDrive\\Desktop\\vibe coding 1st\\backend\\debug\\step4-1784586730589-14.jpg","result":"success","strategyValue":"[data-testid=\"password\"], [data-test-id=\"password\"], [data-test=\"password\"], [data-qa=\"password\"]","matchCount":1,"visibleCount":1,"durationMs":331}
[Backend][replay] {"index":5,"type":"click","selector":"#login-button","urlBefore":"https://www.saucedemo.com/","url":"https://www.saucedemo.com/","elementFound":true,"actionExecuted":true,"strategyUsed":"css","retries":0,"blockersDismissed":[],"failureReason":null,"screenshotPath":"C:\\Users\\DELL\\OneDrive\\Desktop\\vibe coding 1st\\backend\\debug\\step5-1784586730914-15.jpg","result":"success","strategyValue":"[data-testid=\"login-button\"], [data-test-id=\"login-button\"], [data-test=\"login-button\"], [data-qa=\"login-button\"]","matchCount":1,"visibleCount":1,"trialClickReason":null,"durationMs":333}
[Backend][replay] {"index":6,"type":"navigation","selector":"https://www.saucedemo.com/inventory.html","urlBefore":"https://www.saucedemo.com/","url":"https://www.saucedemo.com/","elementFound":null,"actionExecuted":true,"strategyUsed":null,"retries":0,"blockersDismissed":[],"failureReason":null,"screenshotPath":"C:\\Users\\DELL\\OneDrive\\Desktop\\vibe coding 1st\\backend\\debug\\step6-1784586731948-16.jpg","result":"success","navigationStrategyUsed":"domcontentloaded","durationMs":1014}
[Backend][replay][blocker] {"stepIndex":7,"stepType":"click","reason":"no candidate matched anything on the page","selectorUsed":"css:[data-testid=\"add-to-cart-sauce-labs-backpack\"], [data-test-id=\"add-to-cart-sauce-labs-backpack\"], [data-test=\"add-to-cart-sauce-labs-backpack\"], [data-qa=\"add-to-cart-sauce-labs-backpack\"]","matchCount":0,"visibleCount":0,"playwrightError":null,"timestamp":"2026-07-20T22:32:26.993Z","pageUrl":"https://www.saucedemo.com/","pageTitle":"Swag Labs","viewport":{"width":1280,"height":720},"blockerAtPoint":null,"matchedElement":null,"screenshotPath":"C:\\Users\\DELL\\OneDrive\\Desktop\\vibe coding 1st\\backend\\debug\\blocker-step7-1784586746997-17.png"}
[Backend][replay] STEP FAILED — replay stops here. {"index":7,"type":"click","selector":"#add-to-cart-sauce-labs-backpack","urlBefore":"https://www.saucedemo.com/","url":"https://www.saucedemo.com/","elementFound":false,"actionExecuted":false,"strategyUsed":null,"retries":7,"blockersDismissed":[],"failureReason":"no candidate matched anything on the page","screenshotPath":"C:\\Users\\DELL\\OneDrive\\Desktop\\vibe coding 1st\\backend\\debug\\step7-1784586747043-18.jpg","result":"failed","matchCount":0,"visibleCount":0,"blockerDiagnostics":[{"stepIndex":7,"stepType":"click","reason":"no candidate matched anything on the page","selectorUsed":"css:[data-testid=\"add-to-cart-sauce-labs-backpack\"], [data-test-id=\"add-to-cart-sauce-labs-backpack\"], [data-test=\"add-to-cart-sauce-labs-backpack\"], [data-qa=\"add-to-cart-sauce-labs-backpack\"]","matchCount":0,"visibleCount":0,"playwrightError":null,"timestamp":"2026-07-20T22:32:26.993Z","pageUrl":"https://www.saucedemo.com/","pageTitle":"Swag Labs","viewport":{"width":1280,"height":720},"blockerAtPoint":null,"matchedElement":null,"screenshotPath":"C:\\Users\\DELL\\OneDrive\\Desktop\\vibe coding 1st\\backend\\debug\\blocker-step7-1784586746997-17.png"}],"durationMs":15105}

✗ saucedemo-login-cart-sort — FAILED: Step 7 (click) failed: No actionable element found for step (tried 10 locator candidate(s)): no candidate matched anything on the page

============ RECORDING: the-internet-dynamic-loading ============
Recorded 3 events: navigation, click, click

============ PARAMETERIZING: the-internet-dynamic-loading ============
[Backend][pipeline] step 3: parameterizer received { eventCount: 3 }
[Backend][pipeline] step 2: event condenser received { rawEventCount: 3 }
[Backend][pipeline] step 2: event condenser output { condensedEventCount: 3 }
[Backend][pipeline] step 4: workflow template created { stepCount: 3, parameterCount: 0 }
Parameters: (none)
Steps: [0] navigation, [1] click, [2] click

============ SAVING TO DB: the-internet-dynamic-loading ============
Saved as workflowId=3

============ LOADING FROM DB: the-internet-dynamic-loading ============
Loaded back 3 steps, 0 parameter(s) — DB round-trip intact

============ REPLAYING (default values): the-internet-dynamic-loading ============
[Backend][replay] {"index":0,"type":"navigation","selector":"https://the-internet.herokuapp.com/dynamic_loading/2","urlBefore":"about:blank","url":"https://the-internet.herokuapp.com/dynamic_loading/2","elementFound":null,"actionExecuted":true,"strategyUsed":null,"retries":0,"blockersDismissed":[],"failureReason":null,"screenshotPath":"C:\\Users\\DELL\\OneDrive\\Desktop\\vibe coding 1st\\backend\\debug\\step0-1784586763589-19.jpg","result":"success","navigationStrategyUsed":"domcontentloaded","durationMs":5222}
[Backend][replay] {"index":1,"type":"click","selector":"button","urlBefore":"https://the-internet.herokuapp.com/dynamic_loading/2","url":"https://the-internet.herokuapp.com/dynamic_loading/2","elementFound":true,"actionExecuted":true,"strategyUsed":"role","retries":0,"blockersDismissed":[],"failureReason":null,"screenshotPath":"C:\\Users\\DELL\\OneDrive\\Desktop\\vibe coding 1st\\backend\\debug\\step1-1784586763908-20.jpg","result":"success","strategyValue":"button:Start","matchCount":1,"visibleCount":1,"trialClickReason":null,"durationMs":315}
[Backend][replay] {"index":2,"type":"click","selector":"h4","urlBefore":"https://the-internet.herokuapp.com/dynamic_loading/2","url":"https://the-internet.herokuapp.com/dynamic_loading/2","elementFound":true,"actionExecuted":true,"strategyUsed":"css","retries":0,"blockersDismissed":[],"failureReason":null,"screenshotPath":"C:\\Users\\DELL\\OneDrive\\Desktop\\vibe coding 1st\\backend\\debug\\step2-1784586764224-21.jpg","result":"success","strategyValue":"h4","matchCount":1,"visibleCount":1,"trialClickReason":null,"durationMs":307}
[Backend][extraction] method=dom workflowId=realsite-e2e-the-internet-dynamic-loading-default itemsFound=2 confidence=0.55

✓ the-internet-dynamic-loading — all stages passed

============ FULL REPORT ============
✗ wikipedia-search — Step 2 (input) failed: locator.fill: Timeout 3000ms exceeded.
Call log:
[2m  - waiting for locator('#searchInput').first()[22m

✗ saucedemo-login-cart-sort — Step 7 (click) failed: No actionable element found for step (tried 10 locator candidate(s)): no candidate matched anything on the page
✓ the-internet-dynamic-loading

1/3 sites fully passed (record -> save -> load -> replay -> verify)
Full JSON report: C:\Users\DELL\OneDrive\Desktop\vibe coding 1st\backend\debug\realsites-report-1784586764429.json
Per-step screenshots/diagnostics: C:\Users\DELL\OneDrive\Desktop\vibe coding 1st\backend\debug
